C:\Users\tulas\AppData\Local\Programs\Python\Python39\min-jumps-dp.py
C:\Users\tulas\AppData\Local\Programs\Python\Python39\longest-increasing-subsequence.py
C:\Users\tulas\AppData\Local\Programs\Python\Python39\nk-ladder.py
C:\Users\tulas\AppData\Local\Programs\Python\Python39\ques.py
C:\Users\tulas\AppData\Local\Programs\Python\Python39\spiral.py
C:\Users\tulas\AppData\Local\Programs\Python\Python39\task4.py
C:\Users\tulas\AppData\Local\Programs\Python\Python39\strong_num.py
C:\Users\tulas\AppData\Local\Programs\Python\Python39\nandini.py
C:\Users\tulas\AppData\Local\Programs\Python\Python39\testcase_sample.py
C:\Users\tulas\AppData\Local\Programs\Python\Python39\hillclimb.py
C:\Users\tulas\AppData\Local\Programs\Python\Python39\toggle_num(2,3,5).py
C:\Users\tulas\AppData\Local\Programs\Python\Python39\yochana_doubt.py
C:\Users\tulas\AppData\Local\Programs\Python\Python39\gcd1.py
C:\Users\tulas\AppData\Local\Programs\Python\Python39\gcd.py
C:\Users\tulas\AppData\Local\Programs\Python\Python39\submatrix.py
C:\Users\tulas\AppData\Local\Programs\Python\Python39\longchallenge.py
C:\Users\tulas\AppData\Local\Programs\Python\Python39\nptel_sampletest2.py
C:\Users\tulas\AppData\Local\Programs\Python\Python39\nptel sampletest1.py
C:\Users\tulas\AppData\Local\Programs\Python\Python39\primepartition.py
C:\Users\tulas\AppData\Local\Programs\Python\Python39\math.py
